37.97.157.102 - - [29/Jun/2019:04:19:22 +0200] "GET /favicon.ico HTTP/1.1" 200 565 "http://nsktheatersport.nl/" "Serf/1.3.9 (mod_pagespeed/1.13.35.2-0)"
42.236.46.85 - - [29/Jun/2019:04:19:21 +0200] "GET / HTTP/1.0" 200 10746 "http://nsktheatersport.nl/" "Mozilla/5.0 (Windows NT 6.1; WOW64) AppleWebKit/537.36 (KHTML, like Gecko) Chrome/50.0.2661.102 Safari/537.36; 360Spider"
37.97.157.102 - - [29/Jun/2019:04:19:22 +0200] "GET /logonsk.png HTTP/1.1" 200 1257475 "http://nsktheatersport.nl/" "Serf/1.3.9 (mod_pagespeed/1.13.35.2-0)"
37.97.157.102 - - [29/Jun/2019:04:19:22 +0200] "GET /tsgp.png HTTP/1.1" 200 88250 "http://nsktheatersport.nl/" "Serf/1.3.9 (mod_pagespeed/1.13.35.2-0)"
37.97.157.102 - - [29/Jun/2019:04:19:22 +0200] "GET /parnassosleest.jpg HTTP/1.1" 200 2195480 "http://nsktheatersport.nl/" "Serf/1.3.9 (mod_pagespeed/1.13.35.2-0)"
37.97.157.102 - - [29/Jun/2019:04:19:22 +0200] "GET /jorik_oooh.gif HTTP/1.1" 200 1259714 "http://nsktheatersport.nl/" "Serf/1.3.9 (mod_pagespeed/1.13.35.2-0)"
37.97.157.102 - - [29/Jun/2019:04:19:22 +0200] "GET /lievemensen2018.jpg HTTP/1.1" 200 3096677 "http://nsktheatersport.nl/" "Serf/1.3.9 (mod_pagespeed/1.13.35.2-0)"
37.97.157.102 - - [29/Jun/2019:04:19:22 +0200] "GET /vandestreek_wit.png HTTP/1.1" 200 4238 "http://nsktheatersport.nl/" "Serf/1.3.9 (mod_pagespeed/1.13.35.2-0)"
37.97.157.102 - - [29/Jun/2019:04:19:22 +0200] "GET /bigoak_wit.png HTTP/1.1" 200 4013 "http://nsktheatersport.nl/" "Serf/1.3.9 (mod_pagespeed/1.13.35.2-0)"
37.97.157.102 - - [29/Jun/2019:04:19:22 +0200] "GET /stichtse_wit.png HTTP/1.1" 200 4682 "http://nsktheatersport.nl/" "Serf/1.3.9 (mod_pagespeed/1.13.35.2-0)"
37.97.157.102 - - [29/Jun/2019:04:19:22 +0200] "GET /individu_wit.png HTTP/1.1" 200 4941 "http://nsktheatersport.nl/" "Serf/1.3.9 (mod_pagespeed/1.13.35.2-0)"
37.97.157.102 - - [29/Jun/2019:04:19:22 +0200] "GET /geert_wit.png HTTP/1.1" 200 2891 "http://nsktheatersport.nl/" "Serf/1.3.9 (mod_pagespeed/1.13.35.2-0)"
37.97.157.102 - - [29/Jun/2019:04:19:22 +0200] "GET /bosquet_wit.png HTTP/1.1" 200 2695 "http://nsktheatersport.nl/" "Serf/1.3.9 (mod_pagespeed/1.13.35.2-0)"
37.97.157.102 - - [29/Jun/2019:04:19:22 +0200] "GET /apeldoorn_impro_wit.png HTTP/1.1" 200 4702 "http://nsktheatersport.nl/" "Serf/1.3.9 (mod_pagespeed/1.13.35.2-0)"
37.97.157.102 - - [29/Jun/2019:04:19:22 +0200] "GET /escaping_wit.png HTTP/1.1" 200 3339 "http://nsktheatersport.nl/" "Serf/1.3.9 (mod_pagespeed/1.13.35.2-0)"
37.97.157.102 - - [29/Jun/2019:04:19:22 +0200] "GET /alias_wit.png HTTP/1.1" 200 4431 "http://nsktheatersport.nl/" "Serf/1.3.9 (mod_pagespeed/1.13.35.2-0)"
37.97.157.102 - - [29/Jun/2019:04:19:22 +0200] "GET /jumbo_wit.png HTTP/1.1" 200 3548 "http://nsktheatersport.nl/" "Serf/1.3.9 (mod_pagespeed/1.13.35.2-0)"
37.97.157.102 - - [29/Jun/2019:04:19:22 +0200] "GET /stone_wit.png HTTP/1.1" 200 3753 "http://nsktheatersport.nl/" "Serf/1.3.9 (mod_pagespeed/1.13.35.2-0)"
37.97.157.102 - - [29/Jun/2019:04:19:22 +0200] "GET /strowis_wit.png HTTP/1.1" 200 3119 "http://nsktheatersport.nl/" "Serf/1.3.9 (mod_pagespeed/1.13.35.2-0)"
37.97.157.102 - - [29/Jun/2019:04:19:22 +0200] "GET /cindy_impro_wit.png HTTP/1.1" 200 5396 "http://nsktheatersport.nl/" "Serf/1.3.9 (mod_pagespeed/1.13.35.2-0)"
37.97.157.102 - - [29/Jun/2019:04:19:22 +0200] "GET /hollandse_pot_wit.png HTTP/1.1" 200 5181 "http://nsktheatersport.nl/" "Serf/1.3.9 (mod_pagespeed/1.13.35.2-0)"
37.97.157.102 - - [29/Jun/2019:04:19:22 +0200] "GET /kfhein_wit.png HTTP/1.1" 200 4656 "http://nsktheatersport.nl/" "Serf/1.3.9 (mod_pagespeed/1.13.35.2-0)"
37.97.157.102 - - [29/Jun/2019:04:19:22 +0200] "GET /elise_mathilde_wit.png HTTP/1.1" 200 5480 "http://nsktheatersport.nl/" "Serf/1.3.9 (mod_pagespeed/1.13.35.2-0)"
37.97.157.102 - - [29/Jun/2019:04:19:22 +0200] "GET /carel_nengerman_fonds.png HTTP/1.1" 200 3226 "http://nsktheatersport.nl/" "Serf/1.3.9 (mod_pagespeed/1.13.35.2-0)"
37.97.157.102 - - [29/Jun/2019:04:19:22 +0200] "GET /utrecht_wit.png HTTP/1.1" 200 11217 "http://nsktheatersport.nl/" "Serf/1.3.9 (mod_pagespeed/1.13.35.2-0)"
37.97.157.102 - - [29/Jun/2019:04:19:22 +0200] "GET /vsb_wit.png HTTP/1.1" 200 4465 "http://nsktheatersport.nl/" "Serf/1.3.9 (mod_pagespeed/1.13.35.2-0)"
37.97.157.102 - - [29/Jun/2019:04:19:22 +0200] "GET /metpubliek2018.jpg HTTP/1.1" 200 404064 "http://nsktheatersport.nl/" "Serf/1.3.9 (mod_pagespeed/1.13.35.2-0)"
37.97.157.102 - - [29/Jun/2019:04:21:51 +0200] "GET /favicon.ico HTTP/1.1" 304 109 "http://www.nsktheatersport.nl/" "Serf/1.3.9 (mod_pagespeed/1.13.35.2-0)"
37.97.157.102 - - [29/Jun/2019:04:21:51 +0200] "GET /logonsk.png HTTP/1.1" 304 112 "http://www.nsktheatersport.nl/" "Serf/1.3.9 (mod_pagespeed/1.13.35.2-0)"
37.97.157.102 - - [29/Jun/2019:04:21:51 +0200] "GET /tsgp.png HTTP/1.1" 304 111 "http://www.nsktheatersport.nl/" "Serf/1.3.9 (mod_pagespeed/1.13.35.2-0)"
37.97.157.102 - - [29/Jun/2019:04:21:51 +0200] "GET /parnassosleest.jpg HTTP/1.1" 200 2195480 "http://www.nsktheatersport.nl/" "Serf/1.3.9 (mod_pagespeed/1.13.35.2-0)"
37.97.157.102 - - [29/Jun/2019:04:21:51 +0200] "GET /jorik_oooh.gif HTTP/1.1" 200 1259714 "http://www.nsktheatersport.nl/" "Serf/1.3.9 (mod_pagespeed/1.13.35.2-0)"
37.97.157.102 - - [29/Jun/2019:04:21:51 +0200] "GET /lievemensen2018.jpg HTTP/1.1" 200 3096677 "http://www.nsktheatersport.nl/" "Serf/1.3.9 (mod_pagespeed/1.13.35.2-0)"
37.97.157.102 - - [29/Jun/2019:04:21:51 +0200] "GET /vandestreek_wit.png HTTP/1.1" 304 109 "http://www.nsktheatersport.nl/" "Serf/1.3.9 (mod_pagespeed/1.13.35.2-0)"
37.97.157.102 - - [29/Jun/2019:04:21:51 +0200] "GET /bigoak_wit.png HTTP/1.1" 304 109 "http://www.nsktheatersport.nl/" "Serf/1.3.9 (mod_pagespeed/1.13.35.2-0)"
37.97.157.102 - - [29/Jun/2019:04:21:51 +0200] "GET /stichtse_wit.png HTTP/1.1" 304 110 "http://www.nsktheatersport.nl/" "Serf/1.3.9 (mod_pagespeed/1.13.35.2-0)"
42.236.54.62 - - [29/Jun/2019:04:21:51 +0200] "GET / HTTP/1.0" 200 10746 "http://www.nsktheatersport.nl/" "Mozilla/5.0 (Windows NT 6.1; WOW64) AppleWebKit/537.36 (KHTML, like Gecko) Chrome/50.0.2661.102 Safari/537.36; 360Spider"
37.97.157.102 - - [29/Jun/2019:04:21:51 +0200] "GET /individu_wit.png HTTP/1.1" 304 110 "http://www.nsktheatersport.nl/" "Serf/1.3.9 (mod_pagespeed/1.13.35.2-0)"
37.97.157.102 - - [29/Jun/2019:04:21:52 +0200] "GET /geert_wit.png HTTP/1.1" 304 109 "http://www.nsktheatersport.nl/" "Serf/1.3.9 (mod_pagespeed/1.13.35.2-0)"
37.97.157.102 - - [29/Jun/2019:04:21:52 +0200] "GET /bosquet_wit.png HTTP/1.1" 304 109 "http://www.nsktheatersport.nl/" "Serf/1.3.9 (mod_pagespeed/1.13.35.2-0)"
37.97.157.102 - - [29/Jun/2019:04:21:52 +0200] "GET /apeldoorn_impro_wit.png HTTP/1.1" 200 4702 "http://www.nsktheatersport.nl/" "Serf/1.3.9 (mod_pagespeed/1.13.35.2-0)"
37.97.157.102 - - [29/Jun/2019:04:21:52 +0200] "GET /escaping_wit.png HTTP/1.1" 304 109 "http://www.nsktheatersport.nl/" "Serf/1.3.9 (mod_pagespeed/1.13.35.2-0)"
37.97.157.102 - - [29/Jun/2019:04:21:52 +0200] "GET /alias_wit.png HTTP/1.1" 304 110 "http://www.nsktheatersport.nl/" "Serf/1.3.9 (mod_pagespeed/1.13.35.2-0)"
37.97.157.102 - - [29/Jun/2019:04:21:52 +0200] "GET /jumbo_wit.png HTTP/1.1" 304 109 "http://www.nsktheatersport.nl/" "Serf/1.3.9 (mod_pagespeed/1.13.35.2-0)"
37.97.157.102 - - [29/Jun/2019:04:21:52 +0200] "GET /stone_wit.png HTTP/1.1" 304 109 "http://www.nsktheatersport.nl/" "Serf/1.3.9 (mod_pagespeed/1.13.35.2-0)"
37.97.157.102 - - [29/Jun/2019:04:21:52 +0200] "GET /strowis_wit.png HTTP/1.1" 304 109 "http://www.nsktheatersport.nl/" "Serf/1.3.9 (mod_pagespeed/1.13.35.2-0)"
37.97.157.102 - - [29/Jun/2019:04:21:52 +0200] "GET /cindy_impro_wit.png HTTP/1.1" 304 110 "http://www.nsktheatersport.nl/" "Serf/1.3.9 (mod_pagespeed/1.13.35.2-0)"
37.97.157.102 - - [29/Jun/2019:04:21:52 +0200] "GET /hollandse_pot_wit.png HTTP/1.1" 304 110 "http://www.nsktheatersport.nl/" "Serf/1.3.9 (mod_pagespeed/1.13.35.2-0)"
37.97.157.102 - - [29/Jun/2019:04:21:52 +0200] "GET /kfhein_wit.png HTTP/1.1" 304 110 "http://www.nsktheatersport.nl/" "Serf/1.3.9 (mod_pagespeed/1.13.35.2-0)"
37.97.157.102 - - [29/Jun/2019:04:21:52 +0200] "GET /elise_mathilde_wit.png HTTP/1.1" 200 5480 "http://www.nsktheatersport.nl/" "Serf/1.3.9 (mod_pagespeed/1.13.35.2-0)"
37.97.157.102 - - [29/Jun/2019:04:21:52 +0200] "GET /carel_nengerman_fonds.png HTTP/1.1" 304 109 "http://www.nsktheatersport.nl/" "Serf/1.3.9 (mod_pagespeed/1.13.35.2-0)"
37.97.157.102 - - [29/Jun/2019:04:21:52 +0200] "GET /utrecht_wit.png HTTP/1.1" 304 110 "http://www.nsktheatersport.nl/" "Serf/1.3.9 (mod_pagespeed/1.13.35.2-0)"
37.97.157.102 - - [29/Jun/2019:04:21:52 +0200] "GET /vsb_wit.png HTTP/1.1" 304 110 "http://www.nsktheatersport.nl/" "Serf/1.3.9 (mod_pagespeed/1.13.35.2-0)"
37.97.157.102 - - [29/Jun/2019:04:21:52 +0200] "GET /metpubliek2018.jpg HTTP/1.1" 304 111 "http://www.nsktheatersport.nl/" "Serf/1.3.9 (mod_pagespeed/1.13.35.2-0)"
193.169.252.30 - - [29/Jun/2019:05:30:06 +0200] "GET /wp-login.php HTTP/1.0" 404 208 "-" "Mozilla/5.0 (compatible; MSIE 9.0; Windows NT 6.1; Trident/5.0)"
193.169.252.30 - - [29/Jun/2019:05:30:06 +0200] "GET //wp-login.php HTTP/1.0" 404 208 "-" "Mozilla/5.0 (compatible; MSIE 9.0; Windows NT 6.1; Trident/5.0)"
37.97.157.102 - - [29/Jun/2019:07:40:18 +0200] "GET /favicon.ico HTTP/1.1" 200 565 "http://www.nsktheatersport.nl/" "Serf/1.3.9 (mod_pagespeed/1.13.35.2-0)"
130.89.1.101 - - [29/Jun/2019:07:40:18 +0200] "GET / HTTP/1.0" 200 52107 "-" "Consilio/4.23.03 (WebHare Application Portal); LinkChecker)"
37.97.157.102 - - [29/Jun/2019:07:40:18 +0200] "GET /logonsk.png HTTP/1.1" 200 1257475 "http://www.nsktheatersport.nl/" "Serf/1.3.9 (mod_pagespeed/1.13.35.2-0)"
37.97.157.102 - - [29/Jun/2019:07:40:18 +0200] "GET /tsgp.png HTTP/1.1" 200 88250 "http://www.nsktheatersport.nl/" "Serf/1.3.9 (mod_pagespeed/1.13.35.2-0)"
37.97.157.102 - - [29/Jun/2019:07:40:18 +0200] "GET /parnassosleest.jpg HTTP/1.1" 200 2195480 "http://www.nsktheatersport.nl/" "Serf/1.3.9 (mod_pagespeed/1.13.35.2-0)"
37.97.157.102 - - [29/Jun/2019:07:40:18 +0200] "GET /jorik_oooh.gif HTTP/1.1" 200 1259714 "http://www.nsktheatersport.nl/" "Serf/1.3.9 (mod_pagespeed/1.13.35.2-0)"
37.97.157.102 - - [29/Jun/2019:07:40:18 +0200] "GET /lievemensen2018.jpg HTTP/1.1" 200 3096677 "http://www.nsktheatersport.nl/" "Serf/1.3.9 (mod_pagespeed/1.13.35.2-0)"
37.97.157.102 - - [29/Jun/2019:07:40:18 +0200] "GET /vandestreek_wit.png HTTP/1.1" 200 4238 "http://www.nsktheatersport.nl/" "Serf/1.3.9 (mod_pagespeed/1.13.35.2-0)"
37.97.157.102 - - [29/Jun/2019:07:40:18 +0200] "GET /bigoak_wit.png HTTP/1.1" 200 4013 "http://www.nsktheatersport.nl/" "Serf/1.3.9 (mod_pagespeed/1.13.35.2-0)"
37.97.157.102 - - [29/Jun/2019:07:40:18 +0200] "GET /stichtse_wit.png HTTP/1.1" 200 4682 "http://www.nsktheatersport.nl/" "Serf/1.3.9 (mod_pagespeed/1.13.35.2-0)"
37.97.157.102 - - [29/Jun/2019:07:40:18 +0200] "GET /individu_wit.png HTTP/1.1" 200 4941 "http://www.nsktheatersport.nl/" "Serf/1.3.9 (mod_pagespeed/1.13.35.2-0)"
37.97.157.102 - - [29/Jun/2019:07:40:18 +0200] "GET /geert_wit.png HTTP/1.1" 200 2891 "http://www.nsktheatersport.nl/" "Serf/1.3.9 (mod_pagespeed/1.13.35.2-0)"
37.97.157.102 - - [29/Jun/2019:07:40:18 +0200] "GET /bosquet_wit.png HTTP/1.1" 200 2695 "http://www.nsktheatersport.nl/" "Serf/1.3.9 (mod_pagespeed/1.13.35.2-0)"
37.97.157.102 - - [29/Jun/2019:07:40:18 +0200] "GET /apeldoorn_impro_wit.png HTTP/1.1" 200 4702 "http://www.nsktheatersport.nl/" "Serf/1.3.9 (mod_pagespeed/1.13.35.2-0)"
37.97.157.102 - - [29/Jun/2019:07:40:18 +0200] "GET /escaping_wit.png HTTP/1.1" 200 3339 "http://www.nsktheatersport.nl/" "Serf/1.3.9 (mod_pagespeed/1.13.35.2-0)"
37.97.157.102 - - [29/Jun/2019:07:40:18 +0200] "GET /alias_wit.png HTTP/1.1" 200 4431 "http://www.nsktheatersport.nl/" "Serf/1.3.9 (mod_pagespeed/1.13.35.2-0)"
37.97.157.102 - - [29/Jun/2019:07:40:18 +0200] "GET /jumbo_wit.png HTTP/1.1" 200 3548 "http://www.nsktheatersport.nl/" "Serf/1.3.9 (mod_pagespeed/1.13.35.2-0)"
37.97.157.102 - - [29/Jun/2019:07:40:18 +0200] "GET /stone_wit.png HTTP/1.1" 200 3753 "http://www.nsktheatersport.nl/" "Serf/1.3.9 (mod_pagespeed/1.13.35.2-0)"
37.97.157.102 - - [29/Jun/2019:07:40:18 +0200] "GET /strowis_wit.png HTTP/1.1" 200 3119 "http://www.nsktheatersport.nl/" "Serf/1.3.9 (mod_pagespeed/1.13.35.2-0)"
37.97.157.102 - - [29/Jun/2019:07:40:18 +0200] "GET /cindy_impro_wit.png HTTP/1.1" 200 5396 "http://www.nsktheatersport.nl/" "Serf/1.3.9 (mod_pagespeed/1.13.35.2-0)"
37.97.157.102 - - [29/Jun/2019:07:40:18 +0200] "GET /hollandse_pot_wit.png HTTP/1.1" 200 5181 "http://www.nsktheatersport.nl/" "Serf/1.3.9 (mod_pagespeed/1.13.35.2-0)"
37.97.157.102 - - [29/Jun/2019:07:40:18 +0200] "GET /kfhein_wit.png HTTP/1.1" 200 4656 "http://www.nsktheatersport.nl/" "Serf/1.3.9 (mod_pagespeed/1.13.35.2-0)"
37.97.157.102 - - [29/Jun/2019:07:40:18 +0200] "GET /elise_mathilde_wit.png HTTP/1.1" 200 5480 "http://www.nsktheatersport.nl/" "Serf/1.3.9 (mod_pagespeed/1.13.35.2-0)"
37.97.157.102 - - [29/Jun/2019:07:40:18 +0200] "GET /carel_nengerman_fonds.png HTTP/1.1" 200 3226 "http://www.nsktheatersport.nl/" "Serf/1.3.9 (mod_pagespeed/1.13.35.2-0)"
37.97.157.102 - - [29/Jun/2019:07:40:18 +0200] "GET /utrecht_wit.png HTTP/1.1" 200 11217 "http://www.nsktheatersport.nl/" "Serf/1.3.9 (mod_pagespeed/1.13.35.2-0)"
37.97.157.102 - - [29/Jun/2019:07:40:18 +0200] "GET /vsb_wit.png HTTP/1.1" 200 4465 "http://www.nsktheatersport.nl/" "Serf/1.3.9 (mod_pagespeed/1.13.35.2-0)"
37.97.157.102 - - [29/Jun/2019:07:40:18 +0200] "GET /metpubliek2018.jpg HTTP/1.1" 200 404064 "http://www.nsktheatersport.nl/" "Serf/1.3.9 (mod_pagespeed/1.13.35.2-0)"
37.97.157.102 - - [29/Jun/2019:08:11:54 +0200] "GET /favicon.ico HTTP/1.1" 200 565 "http://nsktheatersport.nl/" "Serf/1.3.9 (mod_pagespeed/1.13.35.2-0)"
178.162.199.5 - - [29/Jun/2019:08:11:54 +0200] "GET / HTTP/1.0" 200 58589 "-" "Mozilla/5.0 (X11; Linux x86_64) AppleWebKit/537.36 (KHTML, like Gecko) Chrome/72.0.3626.121 Safari/537.36"
37.97.157.102 - - [29/Jun/2019:08:11:54 +0200] "GET /logonsk.png HTTP/1.1" 200 1257475 "http://nsktheatersport.nl/" "Serf/1.3.9 (mod_pagespeed/1.13.35.2-0)"
37.97.157.102 - - [29/Jun/2019:08:11:54 +0200] "GET /tsgp.png HTTP/1.1" 200 88250 "http://nsktheatersport.nl/" "Serf/1.3.9 (mod_pagespeed/1.13.35.2-0)"
37.97.157.102 - - [29/Jun/2019:08:11:54 +0200] "GET /parnassosleest.jpg HTTP/1.1" 200 2195480 "http://nsktheatersport.nl/" "Serf/1.3.9 (mod_pagespeed/1.13.35.2-0)"
37.97.157.102 - - [29/Jun/2019:08:11:54 +0200] "GET /jorik_oooh.gif HTTP/1.1" 200 1259714 "http://nsktheatersport.nl/" "Serf/1.3.9 (mod_pagespeed/1.13.35.2-0)"
37.97.157.102 - - [29/Jun/2019:08:11:54 +0200] "GET /lievemensen2018.jpg HTTP/1.1" 200 3096677 "http://nsktheatersport.nl/" "Serf/1.3.9 (mod_pagespeed/1.13.35.2-0)"
37.97.157.102 - - [29/Jun/2019:08:11:54 +0200] "GET /vandestreek_wit.png HTTP/1.1" 200 4238 "http://nsktheatersport.nl/" "Serf/1.3.9 (mod_pagespeed/1.13.35.2-0)"
37.97.157.102 - - [29/Jun/2019:08:11:54 +0200] "GET /bigoak_wit.png HTTP/1.1" 200 4013 "http://nsktheatersport.nl/" "Serf/1.3.9 (mod_pagespeed/1.13.35.2-0)"
37.97.157.102 - - [29/Jun/2019:08:11:54 +0200] "GET /stichtse_wit.png HTTP/1.1" 200 4682 "http://nsktheatersport.nl/" "Serf/1.3.9 (mod_pagespeed/1.13.35.2-0)"
37.97.157.102 - - [29/Jun/2019:08:11:54 +0200] "GET /individu_wit.png HTTP/1.1" 200 4941 "http://nsktheatersport.nl/" "Serf/1.3.9 (mod_pagespeed/1.13.35.2-0)"
37.97.157.102 - - [29/Jun/2019:08:11:54 +0200] "GET /geert_wit.png HTTP/1.1" 200 2891 "http://nsktheatersport.nl/" "Serf/1.3.9 (mod_pagespeed/1.13.35.2-0)"
37.97.157.102 - - [29/Jun/2019:08:11:54 +0200] "GET /bosquet_wit.png HTTP/1.1" 200 2695 "http://nsktheatersport.nl/" "Serf/1.3.9 (mod_pagespeed/1.13.35.2-0)"
37.97.157.102 - - [29/Jun/2019:08:11:54 +0200] "GET /apeldoorn_impro_wit.png HTTP/1.1" 200 4702 "http://nsktheatersport.nl/" "Serf/1.3.9 (mod_pagespeed/1.13.35.2-0)"
37.97.157.102 - - [29/Jun/2019:08:11:54 +0200] "GET /escaping_wit.png HTTP/1.1" 200 3339 "http://nsktheatersport.nl/" "Serf/1.3.9 (mod_pagespeed/1.13.35.2-0)"
37.97.157.102 - - [29/Jun/2019:08:11:54 +0200] "GET /alias_wit.png HTTP/1.1" 200 4431 "http://nsktheatersport.nl/" "Serf/1.3.9 (mod_pagespeed/1.13.35.2-0)"
37.97.157.102 - - [29/Jun/2019:08:11:54 +0200] "GET /jumbo_wit.png HTTP/1.1" 200 3548 "http://nsktheatersport.nl/" "Serf/1.3.9 (mod_pagespeed/1.13.35.2-0)"
178.162.199.5 - - [29/Jun/2019:08:11:54 +0200] "GET /robots.txt HTTP/1.0" 404 1296 "-" "Mozilla/5.0 (X11; Linux x86_64) AppleWebKit/537.36 (KHTML, like Gecko) Chrome/72.0.3626.121 Safari/537.36"
37.97.157.102 - - [29/Jun/2019:08:11:54 +0200] "GET /stone_wit.png HTTP/1.1" 200 3753 "http://nsktheatersport.nl/" "Serf/1.3.9 (mod_pagespeed/1.13.35.2-0)"
37.97.157.102 - - [29/Jun/2019:08:11:54 +0200] "GET /strowis_wit.png HTTP/1.1" 200 3119 "http://nsktheatersport.nl/" "Serf/1.3.9 (mod_pagespeed/1.13.35.2-0)"
37.97.157.102 - - [29/Jun/2019:08:11:54 +0200] "GET /cindy_impro_wit.png HTTP/1.1" 200 5396 "http://nsktheatersport.nl/" "Serf/1.3.9 (mod_pagespeed/1.13.35.2-0)"
37.97.157.102 - - [29/Jun/2019:08:11:54 +0200] "GET /hollandse_pot_wit.png HTTP/1.1" 200 5181 "http://nsktheatersport.nl/" "Serf/1.3.9 (mod_pagespeed/1.13.35.2-0)"
37.97.157.102 - - [29/Jun/2019:08:11:54 +0200] "GET /kfhein_wit.png HTTP/1.1" 200 4656 "http://nsktheatersport.nl/" "Serf/1.3.9 (mod_pagespeed/1.13.35.2-0)"
37.97.157.102 - - [29/Jun/2019:08:11:54 +0200] "GET /elise_mathilde_wit.png HTTP/1.1" 200 5480 "http://nsktheatersport.nl/" "Serf/1.3.9 (mod_pagespeed/1.13.35.2-0)"
37.97.157.102 - - [29/Jun/2019:08:11:54 +0200] "GET /carel_nengerman_fonds.png HTTP/1.1" 200 3226 "http://nsktheatersport.nl/" "Serf/1.3.9 (mod_pagespeed/1.13.35.2-0)"
37.97.157.102 - - [29/Jun/2019:08:11:54 +0200] "GET /utrecht_wit.png HTTP/1.1" 200 11217 "http://nsktheatersport.nl/" "Serf/1.3.9 (mod_pagespeed/1.13.35.2-0)"
37.97.157.102 - - [29/Jun/2019:08:11:54 +0200] "GET /vsb_wit.png HTTP/1.1" 200 4465 "http://nsktheatersport.nl/" "Serf/1.3.9 (mod_pagespeed/1.13.35.2-0)"
37.97.157.102 - - [29/Jun/2019:08:11:54 +0200] "GET /metpubliek2018.jpg HTTP/1.1" 200 404064 "http://nsktheatersport.nl/" "Serf/1.3.9 (mod_pagespeed/1.13.35.2-0)"
178.162.199.5 - - [29/Jun/2019:08:11:54 +0200] "GET /favicon.ico HTTP/1.0" 200 635 "-" "Mozilla/5.0 (X11; Linux x86_64) AppleWebKit/537.36 (KHTML, like Gecko) Chrome/72.0.3626.121 Safari/537.36"
54.36.149.34 - - [29/Jun/2019:09:43:02 +0200] "GET /robots.txt HTTP/1.0" 404 1296 "-" "Mozilla/5.0 (compatible; AhrefsBot/6.1; +http://ahrefs.com/robot/)"
37.97.157.102 - - [29/Jun/2019:10:08:27 +0200] "GET /favicon.ico HTTP/1.1" 200 565 "http://www.nsktheatersport.nl/" "Serf/1.3.9 (mod_pagespeed/1.13.35.2-0)"
37.97.157.102 - - [29/Jun/2019:10:08:27 +0200] "GET /logonsk.png HTTP/1.1" 200 1257475 "http://www.nsktheatersport.nl/" "Serf/1.3.9 (mod_pagespeed/1.13.35.2-0)"
130.89.1.140 - - [29/Jun/2019:10:08:27 +0200] "GET / HTTP/1.0" 200 52107 "-" "Consilio/4.23.03 (WebHare Application Portal); LinkChecker)"
37.97.157.102 - - [29/Jun/2019:10:08:27 +0200] "GET /tsgp.png HTTP/1.1" 200 88250 "http://www.nsktheatersport.nl/" "Serf/1.3.9 (mod_pagespeed/1.13.35.2-0)"
37.97.157.102 - - [29/Jun/2019:10:08:27 +0200] "GET /parnassosleest.jpg HTTP/1.1" 200 2195480 "http://www.nsktheatersport.nl/" "Serf/1.3.9 (mod_pagespeed/1.13.35.2-0)"
37.97.157.102 - - [29/Jun/2019:10:08:27 +0200] "GET /jorik_oooh.gif HTTP/1.1" 200 1259714 "http://www.nsktheatersport.nl/" "Serf/1.3.9 (mod_pagespeed/1.13.35.2-0)"
37.97.157.102 - - [29/Jun/2019:10:08:27 +0200] "GET /lievemensen2018.jpg HTTP/1.1" 200 3096677 "http://www.nsktheatersport.nl/" "Serf/1.3.9 (mod_pagespeed/1.13.35.2-0)"
37.97.157.102 - - [29/Jun/2019:10:08:27 +0200] "GET /vandestreek_wit.png HTTP/1.1" 200 4238 "http://www.nsktheatersport.nl/" "Serf/1.3.9 (mod_pagespeed/1.13.35.2-0)"
37.97.157.102 - - [29/Jun/2019:10:08:27 +0200] "GET /bigoak_wit.png HTTP/1.1" 200 4013 "http://www.nsktheatersport.nl/" "Serf/1.3.9 (mod_pagespeed/1.13.35.2-0)"
37.97.157.102 - - [29/Jun/2019:10:08:27 +0200] "GET /stichtse_wit.png HTTP/1.1" 200 4682 "http://www.nsktheatersport.nl/" "Serf/1.3.9 (mod_pagespeed/1.13.35.2-0)"
37.97.157.102 - - [29/Jun/2019:10:08:27 +0200] "GET /individu_wit.png HTTP/1.1" 200 4941 "http://www.nsktheatersport.nl/" "Serf/1.3.9 (mod_pagespeed/1.13.35.2-0)"
37.97.157.102 - - [29/Jun/2019:10:08:27 +0200] "GET /geert_wit.png HTTP/1.1" 200 2891 "http://www.nsktheatersport.nl/" "Serf/1.3.9 (mod_pagespeed/1.13.35.2-0)"
37.97.157.102 - - [29/Jun/2019:10:08:27 +0200] "GET /bosquet_wit.png HTTP/1.1" 200 2695 "http://www.nsktheatersport.nl/" "Serf/1.3.9 (mod_pagespeed/1.13.35.2-0)"
37.97.157.102 - - [29/Jun/2019:10:08:27 +0200] "GET /apeldoorn_impro_wit.png HTTP/1.1" 200 4702 "http://www.nsktheatersport.nl/" "Serf/1.3.9 (mod_pagespeed/1.13.35.2-0)"
37.97.157.102 - - [29/Jun/2019:10:08:27 +0200] "GET /escaping_wit.png HTTP/1.1" 200 3339 "http://www.nsktheatersport.nl/" "Serf/1.3.9 (mod_pagespeed/1.13.35.2-0)"
37.97.157.102 - - [29/Jun/2019:10:08:27 +0200] "GET /alias_wit.png HTTP/1.1" 200 4431 "http://www.nsktheatersport.nl/" "Serf/1.3.9 (mod_pagespeed/1.13.35.2-0)"
37.97.157.102 - - [29/Jun/2019:10:08:27 +0200] "GET /jumbo_wit.png HTTP/1.1" 200 3548 "http://www.nsktheatersport.nl/" "Serf/1.3.9 (mod_pagespeed/1.13.35.2-0)"
37.97.157.102 - - [29/Jun/2019:10:08:27 +0200] "GET /stone_wit.png HTTP/1.1" 200 3753 "http://www.nsktheatersport.nl/" "Serf/1.3.9 (mod_pagespeed/1.13.35.2-0)"
37.97.157.102 - - [29/Jun/2019:10:08:27 +0200] "GET /strowis_wit.png HTTP/1.1" 200 3119 "http://www.nsktheatersport.nl/" "Serf/1.3.9 (mod_pagespeed/1.13.35.2-0)"
37.97.157.102 - - [29/Jun/2019:10:08:27 +0200] "GET /cindy_impro_wit.png HTTP/1.1" 200 5396 "http://www.nsktheatersport.nl/" "Serf/1.3.9 (mod_pagespeed/1.13.35.2-0)"
37.97.157.102 - - [29/Jun/2019:10:08:27 +0200] "GET /hollandse_pot_wit.png HTTP/1.1" 200 5181 "http://www.nsktheatersport.nl/" "Serf/1.3.9 (mod_pagespeed/1.13.35.2-0)"
37.97.157.102 - - [29/Jun/2019:10:08:27 +0200] "GET /kfhein_wit.png HTTP/1.1" 200 4656 "http://www.nsktheatersport.nl/" "Serf/1.3.9 (mod_pagespeed/1.13.35.2-0)"
37.97.157.102 - - [29/Jun/2019:10:08:27 +0200] "GET /elise_mathilde_wit.png HTTP/1.1" 200 5480 "http://www.nsktheatersport.nl/" "Serf/1.3.9 (mod_pagespeed/1.13.35.2-0)"
37.97.157.102 - - [29/Jun/2019:10:08:27 +0200] "GET /carel_nengerman_fonds.png HTTP/1.1" 200 3226 "http://www.nsktheatersport.nl/" "Serf/1.3.9 (mod_pagespeed/1.13.35.2-0)"
37.97.157.102 - - [29/Jun/2019:10:08:27 +0200] "GET /utrecht_wit.png HTTP/1.1" 200 11217 "http://www.nsktheatersport.nl/" "Serf/1.3.9 (mod_pagespeed/1.13.35.2-0)"
37.97.157.102 - - [29/Jun/2019:10:08:27 +0200] "GET /vsb_wit.png HTTP/1.1" 200 4465 "http://www.nsktheatersport.nl/" "Serf/1.3.9 (mod_pagespeed/1.13.35.2-0)"
37.97.157.102 - - [29/Jun/2019:10:08:27 +0200] "GET /metpubliek2018.jpg HTTP/1.1" 200 404064 "http://www.nsktheatersport.nl/" "Serf/1.3.9 (mod_pagespeed/1.13.35.2-0)"
2a01:7c8:aabf:2b5::1 - - [29/Jun/2019:11:37:40 +0200] "GET /favicon.ico HTTP/1.1" 200 565 "http://www.nsktheatersport.nl/" "Serf/1.3.9 (mod_pagespeed/1.13.35.2-0)"
2a02:1811:d13:8900:7971:a048:8760:ad55 - - [29/Jun/2019:11:37:40 +0200] "GET / HTTP/1.0" 200 12975 "-" "Mozilla/5.0 (Windows NT 10.0; Win64; x64; rv:67.0) Gecko/20100101 Firefox/67.0"
2a01:7c8:aabf:2b5::1 - - [29/Jun/2019:11:37:40 +0200] "GET /logonsk.png HTTP/1.1" 200 1257475 "http://www.nsktheatersport.nl/" "Serf/1.3.9 (mod_pagespeed/1.13.35.2-0)"
2a01:7c8:aabf:2b5::1 - - [29/Jun/2019:11:37:40 +0200] "GET /tsgp.png HTTP/1.1" 200 88250 "http://www.nsktheatersport.nl/" "Serf/1.3.9 (mod_pagespeed/1.13.35.2-0)"
2a01:7c8:aabf:2b5::1 - - [29/Jun/2019:11:37:40 +0200] "GET /parnassosleest.jpg HTTP/1.1" 200 2195480 "http://www.nsktheatersport.nl/" "Serf/1.3.9 (mod_pagespeed/1.13.35.2-0)"
2a01:7c8:aabf:2b5::1 - - [29/Jun/2019:11:37:40 +0200] "GET /jorik_oooh.gif HTTP/1.1" 200 1259714 "http://www.nsktheatersport.nl/" "Serf/1.3.9 (mod_pagespeed/1.13.35.2-0)"
2a01:7c8:aabf:2b5::1 - - [29/Jun/2019:11:37:40 +0200] "GET /lievemensen2018.jpg HTTP/1.1" 200 3096677 "http://www.nsktheatersport.nl/" "Serf/1.3.9 (mod_pagespeed/1.13.35.2-0)"
2a01:7c8:aabf:2b5::1 - - [29/Jun/2019:11:37:40 +0200] "GET /vandestreek_wit.png HTTP/1.1" 200 4238 "http://www.nsktheatersport.nl/" "Serf/1.3.9 (mod_pagespeed/1.13.35.2-0)"
2a01:7c8:aabf:2b5::1 - - [29/Jun/2019:11:37:40 +0200] "GET /bigoak_wit.png HTTP/1.1" 200 4013 "http://www.nsktheatersport.nl/" "Serf/1.3.9 (mod_pagespeed/1.13.35.2-0)"
2a01:7c8:aabf:2b5::1 - - [29/Jun/2019:11:37:40 +0200] "GET /stichtse_wit.png HTTP/1.1" 200 4682 "http://www.nsktheatersport.nl/" "Serf/1.3.9 (mod_pagespeed/1.13.35.2-0)"
2a01:7c8:aabf:2b5::1 - - [29/Jun/2019:11:37:40 +0200] "GET /individu_wit.png HTTP/1.1" 200 4941 "http://www.nsktheatersport.nl/" "Serf/1.3.9 (mod_pagespeed/1.13.35.2-0)"
2a01:7c8:aabf:2b5::1 - - [29/Jun/2019:11:37:40 +0200] "GET /geert_wit.png HTTP/1.1" 200 2891 "http://www.nsktheatersport.nl/" "Serf/1.3.9 (mod_pagespeed/1.13.35.2-0)"
2a01:7c8:aabf:2b5::1 - - [29/Jun/2019:11:37:40 +0200] "GET /bosquet_wit.png HTTP/1.1" 200 2695 "http://www.nsktheatersport.nl/" "Serf/1.3.9 (mod_pagespeed/1.13.35.2-0)"
2a01:7c8:aabf:2b5::1 - - [29/Jun/2019:11:37:40 +0200] "GET /apeldoorn_impro_wit.png HTTP/1.1" 200 4702 "http://www.nsktheatersport.nl/" "Serf/1.3.9 (mod_pagespeed/1.13.35.2-0)"
2a01:7c8:aabf:2b5::1 - - [29/Jun/2019:11:37:40 +0200] "GET /escaping_wit.png HTTP/1.1" 200 3339 "http://www.nsktheatersport.nl/" "Serf/1.3.9 (mod_pagespeed/1.13.35.2-0)"
2a01:7c8:aabf:2b5::1 - - [29/Jun/2019:11:37:40 +0200] "GET /alias_wit.png HTTP/1.1" 200 4431 "http://www.nsktheatersport.nl/" "Serf/1.3.9 (mod_pagespeed/1.13.35.2-0)"
2a01:7c8:aabf:2b5::1 - - [29/Jun/2019:11:37:40 +0200] "GET /jumbo_wit.png HTTP/1.1" 200 3548 "http://www.nsktheatersport.nl/" "Serf/1.3.9 (mod_pagespeed/1.13.35.2-0)"
2a01:7c8:aabf:2b5::1 - - [29/Jun/2019:11:37:40 +0200] "GET /stone_wit.png HTTP/1.1" 200 3753 "http://www.nsktheatersport.nl/" "Serf/1.3.9 (mod_pagespeed/1.13.35.2-0)"
2a01:7c8:aabf:2b5::1 - - [29/Jun/2019:11:37:40 +0200] "GET /strowis_wit.png HTTP/1.1" 200 3119 "http://www.nsktheatersport.nl/" "Serf/1.3.9 (mod_pagespeed/1.13.35.2-0)"
2a01:7c8:aabf:2b5::1 - - [29/Jun/2019:11:37:40 +0200] "GET /cindy_impro_wit.png HTTP/1.1" 200 5396 "http://www.nsktheatersport.nl/" "Serf/1.3.9 (mod_pagespeed/1.13.35.2-0)"
2a01:7c8:aabf:2b5::1 - - [29/Jun/2019:11:37:40 +0200] "GET /hollandse_pot_wit.png HTTP/1.1" 200 5181 "http://www.nsktheatersport.nl/" "Serf/1.3.9 (mod_pagespeed/1.13.35.2-0)"
2a01:7c8:aabf:2b5::1 - - [29/Jun/2019:11:37:40 +0200] "GET /kfhein_wit.png HTTP/1.1" 200 4656 "http://www.nsktheatersport.nl/" "Serf/1.3.9 (mod_pagespeed/1.13.35.2-0)"
2a01:7c8:aabf:2b5::1 - - [29/Jun/2019:11:37:40 +0200] "GET /elise_mathilde_wit.png HTTP/1.1" 200 5480 "http://www.nsktheatersport.nl/" "Serf/1.3.9 (mod_pagespeed/1.13.35.2-0)"
2a01:7c8:aabf:2b5::1 - - [29/Jun/2019:11:37:40 +0200] "GET /carel_nengerman_fonds.png HTTP/1.1" 200 3226 "http://www.nsktheatersport.nl/" "Serf/1.3.9 (mod_pagespeed/1.13.35.2-0)"
2a01:7c8:aabf:2b5::1 - - [29/Jun/2019:11:37:40 +0200] "GET /utrecht_wit.png HTTP/1.1" 200 11217 "http://www.nsktheatersport.nl/" "Serf/1.3.9 (mod_pagespeed/1.13.35.2-0)"
2a01:7c8:aabf:2b5::1 - - [29/Jun/2019:11:37:40 +0200] "GET /vsb_wit.png HTTP/1.1" 200 4465 "http://www.nsktheatersport.nl/" "Serf/1.3.9 (mod_pagespeed/1.13.35.2-0)"
2a01:7c8:aabf:2b5::1 - - [29/Jun/2019:11:37:40 +0200] "GET /metpubliek2018.jpg HTTP/1.1" 200 404064 "http://www.nsktheatersport.nl/" "Serf/1.3.9 (mod_pagespeed/1.13.35.2-0)"
2a02:1811:d13:8900:7971:a048:8760:ad55 - - [29/Jun/2019:11:37:42 +0200] "GET /tsgp.png HTTP/1.0" 200 88383 "http://www.nsktheatersport.nl/" "Mozilla/5.0 (Windows NT 10.0; Win64; x64; rv:67.0) Gecko/20100101 Firefox/67.0"
2a02:1811:d13:8900:7971:a048:8760:ad55 - - [29/Jun/2019:11:37:42 +0200] "GET /logonsk.png HTTP/1.0" 200 1257608 "http://www.nsktheatersport.nl/" "Mozilla/5.0 (Windows NT 10.0; Win64; x64; rv:67.0) Gecko/20100101 Firefox/67.0"
2a02:1811:d13:8900:7971:a048:8760:ad55 - - [29/Jun/2019:11:37:42 +0200] "GET /parnassosleest.jpg HTTP/1.0" 200 2195613 "http://www.nsktheatersport.nl/" "Mozilla/5.0 (Windows NT 10.0; Win64; x64; rv:67.0) Gecko/20100101 Firefox/67.0"
2a02:1811:d13:8900:7971:a048:8760:ad55 - - [29/Jun/2019:11:37:42 +0200] "GET /lievemensen2018.jpg HTTP/1.0" 200 3096810 "http://www.nsktheatersport.nl/" "Mozilla/5.0 (Windows NT 10.0; Win64; x64; rv:67.0) Gecko/20100101 Firefox/67.0"
2a02:1811:d13:8900:7971:a048:8760:ad55 - - [29/Jun/2019:11:37:42 +0200] "GET /jorik_oooh.gif HTTP/1.0" 200 1259847 "http://www.nsktheatersport.nl/" "Mozilla/5.0 (Windows NT 10.0; Win64; x64; rv:67.0) Gecko/20100101 Firefox/67.0"
2a02:1811:d13:8900:7971:a048:8760:ad55 - - [29/Jun/2019:11:37:44 +0200] "GET /vandestreek_wit.png HTTP/1.0" 200 4371 "http://www.nsktheatersport.nl/" "Mozilla/5.0 (Windows NT 10.0; Win64; x64; rv:67.0) Gecko/20100101 Firefox/67.0"
2a02:1811:d13:8900:7971:a048:8760:ad55 - - [29/Jun/2019:11:37:44 +0200] "GET /bigoak_wit.png HTTP/1.0" 200 4146 "http://www.nsktheatersport.nl/" "Mozilla/5.0 (Windows NT 10.0; Win64; x64; rv:67.0) Gecko/20100101 Firefox/67.0"
2a02:1811:d13:8900:7971:a048:8760:ad55 - - [29/Jun/2019:11:37:44 +0200] "GET /stichtse_wit.png HTTP/1.0" 200 4815 "http://www.nsktheatersport.nl/" "Mozilla/5.0 (Windows NT 10.0; Win64; x64; rv:67.0) Gecko/20100101 Firefox/67.0"
2a02:1811:d13:8900:7971:a048:8760:ad55 - - [29/Jun/2019:11:37:44 +0200] "GET /individu_wit.png HTTP/1.0" 200 5074 "http://www.nsktheatersport.nl/" "Mozilla/5.0 (Windows NT 10.0; Win64; x64; rv:67.0) Gecko/20100101 Firefox/67.0"
2a02:1811:d13:8900:7971:a048:8760:ad55 - - [29/Jun/2019:11:37:44 +0200] "GET /geert_wit.png HTTP/1.0" 200 3024 "http://www.nsktheatersport.nl/" "Mozilla/5.0 (Windows NT 10.0; Win64; x64; rv:67.0) Gecko/20100101 Firefox/67.0"
2a02:1811:d13:8900:7971:a048:8760:ad55 - - [29/Jun/2019:11:37:44 +0200] "GET /bosquet_wit.png HTTP/1.0" 200 2828 "http://www.nsktheatersport.nl/" "Mozilla/5.0 (Windows NT 10.0; Win64; x64; rv:67.0) Gecko/20100101 Firefox/67.0"
2a02:1811:d13:8900:7971:a048:8760:ad55 - - [29/Jun/2019:11:37:44 +0200] "GET /apeldoorn_impro_wit.png HTTP/1.0" 200 4835 "http://www.nsktheatersport.nl/" "Mozilla/5.0 (Windows NT 10.0; Win64; x64; rv:67.0) Gecko/20100101 Firefox/67.0"
2a02:1811:d13:8900:7971:a048:8760:ad55 - - [29/Jun/2019:11:37:45 +0200] "GET /cindy_impro_wit.png HTTP/1.0" 200 5529 "http://www.nsktheatersport.nl/" "Mozilla/5.0 (Windows NT 10.0; Win64; x64; rv:67.0) Gecko/20100101 Firefox/67.0"
2a02:1811:d13:8900:7971:a048:8760:ad55 - - [29/Jun/2019:11:37:45 +0200] "GET /hollandse_pot_wit.png HTTP/1.0" 200 5314 "http://www.nsktheatersport.nl/" "Mozilla/5.0 (Windows NT 10.0; Win64; x64; rv:67.0) Gecko/20100101 Firefox/67.0"
2a02:1811:d13:8900:7971:a048:8760:ad55 - - [29/Jun/2019:11:37:45 +0200] "GET /kfhein_wit.png HTTP/1.0" 200 4789 "http://www.nsktheatersport.nl/" "Mozilla/5.0 (Windows NT 10.0; Win64; x64; rv:67.0) Gecko/20100101 Firefox/67.0"
2a02:1811:d13:8900:7971:a048:8760:ad55 - - [29/Jun/2019:11:37:45 +0200] "GET /elise_mathilde_wit.png HTTP/1.0" 200 5613 "http://www.nsktheatersport.nl/" "Mozilla/5.0 (Windows NT 10.0; Win64; x64; rv:67.0) Gecko/20100101 Firefox/67.0"
2a02:1811:d13:8900:7971:a048:8760:ad55 - - [29/Jun/2019:11:37:45 +0200] "GET /carel_nengerman_fonds.png HTTP/1.0" 200 3359 "http://www.nsktheatersport.nl/" "Mozilla/5.0 (Windows NT 10.0; Win64; x64; rv:67.0) Gecko/20100101 Firefox/67.0"
2a02:1811:d13:8900:7971:a048:8760:ad55 - - [29/Jun/2019:11:37:45 +0200] "GET /utrecht_wit.png HTTP/1.0" 200 11350 "http://www.nsktheatersport.nl/" "Mozilla/5.0 (Windows NT 10.0; Win64; x64; rv:67.0) Gecko/20100101 Firefox/67.0"
2a02:1811:d13:8900:7971:a048:8760:ad55 - - [29/Jun/2019:11:37:45 +0200] "GET /vsb_wit.png HTTP/1.0" 200 4598 "http://www.nsktheatersport.nl/" "Mozilla/5.0 (Windows NT 10.0; Win64; x64; rv:67.0) Gecko/20100101 Firefox/67.0"
2a02:1811:d13:8900:7971:a048:8760:ad55 - - [29/Jun/2019:11:37:46 +0200] "GET /metpubliek2018.jpg HTTP/1.0" 200 404197 "http://www.nsktheatersport.nl/" "Mozilla/5.0 (Windows NT 10.0; Win64; x64; rv:67.0) Gecko/20100101 Firefox/67.0"
45.86.65.189 - - [29/Jun/2019:12:03:17 +0200] "HEAD /phpmyadmin/ HTTP/1.0" 404 240 "-" "-"
157.55.39.151 - - [29/Jun/2019:13:32:11 +0200] "GET /website/index.html HTTP/1.0" 404 1296 "-" "Mozilla/5.0 (compatible; bingbot/2.0; +http://www.bing.com/bingbot.htm)"
37.97.157.102 - - [29/Jun/2019:15:55:14 +0200] "GET /favicon.ico HTTP/1.1" 200 565 "http://nsktheatersport.nl/" "Serf/1.3.9 (mod_pagespeed/1.13.35.2-0)"
37.97.157.102 - - [29/Jun/2019:15:55:14 +0200] "GET /logonsk.png HTTP/1.1" 200 1257475 "http://nsktheatersport.nl/" "Serf/1.3.9 (mod_pagespeed/1.13.35.2-0)"
37.97.157.102 - - [29/Jun/2019:15:55:14 +0200] "GET /tsgp.png HTTP/1.1" 200 88250 "http://nsktheatersport.nl/" "Serf/1.3.9 (mod_pagespeed/1.13.35.2-0)"
37.97.157.102 - - [29/Jun/2019:15:55:14 +0200] "GET /parnassosleest.jpg HTTP/1.1" 200 2195480 "http://nsktheatersport.nl/" "Serf/1.3.9 (mod_pagespeed/1.13.35.2-0)"
84.87.250.241 - - [29/Jun/2019:15:55:14 +0200] "GET / HTTP/1.0" 200 12999 "-" "Mozilla/5.0 (Windows NT 6.3; Win64; x64) AppleWebKit/537.36 (KHTML, like Gecko) Chrome/75.0.3770.100 Safari/537.36"
37.97.157.102 - - [29/Jun/2019:15:55:14 +0200] "GET /jorik_oooh.gif HTTP/1.1" 200 1259714 "http://nsktheatersport.nl/" "Serf/1.3.9 (mod_pagespeed/1.13.35.2-0)"
84.87.250.241 - - [29/Jun/2019:15:55:14 +0200] "GET /jorik_oooh.gif HTTP/1.0" 200 1259847 "http://nsktheatersport.nl/" "Mozilla/5.0 (Windows NT 6.3; Win64; x64) AppleWebKit/537.36 (KHTML, like Gecko) Chrome/75.0.3770.100 Safari/537.36"
84.87.250.241 - - [29/Jun/2019:15:55:14 +0200] "GET /lievemensen2018.jpg HTTP/1.0" 200 258 "http://nsktheatersport.nl/" "Mozilla/5.0 (Windows NT 6.3; Win64; x64) AppleWebKit/537.36 (KHTML, like Gecko) Chrome/75.0.3770.100 Safari/537.36"
84.87.250.241 - - [29/Jun/2019:15:55:14 +0200] "GET /vandestreek_wit.png HTTP/1.0" 200 257 "http://nsktheatersport.nl/" "Mozilla/5.0 (Windows NT 6.3; Win64; x64) AppleWebKit/537.36 (KHTML, like Gecko) Chrome/75.0.3770.100 Safari/537.36"
84.87.250.241 - - [29/Jun/2019:15:55:14 +0200] "GET /parnassosleest.jpg HTTP/1.0" 200 2195613 "http://nsktheatersport.nl/" "Mozilla/5.0 (Windows NT 6.3; Win64; x64) AppleWebKit/537.36 (KHTML, like Gecko) Chrome/75.0.3770.100 Safari/537.36"
84.87.250.241 - - [29/Jun/2019:15:55:14 +0200] "GET /xtsgp.png.pagespeed.ic.kHUi0J7IhX.webp HTTP/1.0" 200 88410 "http://nsktheatersport.nl/" "Mozilla/5.0 (Windows NT 6.3; Win64; x64) AppleWebKit/537.36 (KHTML, like Gecko) Chrome/75.0.3770.100 Safari/537.36"
37.97.157.102 - - [29/Jun/2019:15:55:14 +0200] "GET /lievemensen2018.jpg HTTP/1.1" 200 3096677 "http://nsktheatersport.nl/" "Serf/1.3.9 (mod_pagespeed/1.13.35.2-0)"
84.87.250.241 - - [29/Jun/2019:15:55:14 +0200] "GET /xlogonsk.png.pagespeed.ic.JDN-yDZrWj.webp HTTP/1.0" 200 1257637 "http://nsktheatersport.nl/" "Mozilla/5.0 (Windows NT 6.3; Win64; x64) AppleWebKit/537.36 (KHTML, like Gecko) Chrome/75.0.3770.100 Safari/537.36"
37.97.157.102 - - [29/Jun/2019:15:55:14 +0200] "GET /vandestreek_wit.png HTTP/1.1" 200 4238 "http://nsktheatersport.nl/" "Serf/1.3.9 (mod_pagespeed/1.13.35.2-0)"
84.87.250.241 - - [29/Jun/2019:15:55:14 +0200] "GET /bigoak_wit.png HTTP/1.0" 200 252 "http://nsktheatersport.nl/" "Mozilla/5.0 (Windows NT 6.3; Win64; x64) AppleWebKit/537.36 (KHTML, like Gecko) Chrome/75.0.3770.100 Safari/537.36"
37.97.157.102 - - [29/Jun/2019:15:55:14 +0200] "GET /bigoak_wit.png HTTP/1.1" 200 4013 "http://nsktheatersport.nl/" "Serf/1.3.9 (mod_pagespeed/1.13.35.2-0)"
37.97.157.102 - - [29/Jun/2019:15:55:14 +0200] "GET /stichtse_wit.png HTTP/1.1" 200 4682 "http://nsktheatersport.nl/" "Serf/1.3.9 (mod_pagespeed/1.13.35.2-0)"
37.97.157.102 - - [29/Jun/2019:15:55:14 +0200] "GET /individu_wit.png HTTP/1.1" 200 4941 "http://nsktheatersport.nl/" "Serf/1.3.9 (mod_pagespeed/1.13.35.2-0)"
84.87.250.241 - - [29/Jun/2019:15:55:14 +0200] "GET /stichtse_wit.png HTTP/1.0" 200 4815 "http://nsktheatersport.nl/" "Mozilla/5.0 (Windows NT 6.3; Win64; x64) AppleWebKit/537.36 (KHTML, like Gecko) Chrome/75.0.3770.100 Safari/537.36"
37.97.157.102 - - [29/Jun/2019:15:55:14 +0200] "GET /geert_wit.png HTTP/1.1" 200 2891 "http://nsktheatersport.nl/" "Serf/1.3.9 (mod_pagespeed/1.13.35.2-0)"
37.97.157.102 - - [29/Jun/2019:15:55:14 +0200] "GET /bosquet_wit.png HTTP/1.1" 200 2695 "http://nsktheatersport.nl/" "Serf/1.3.9 (mod_pagespeed/1.13.35.2-0)"
37.97.157.102 - - [29/Jun/2019:15:55:14 +0200] "GET /apeldoorn_impro_wit.png HTTP/1.1" 200 4702 "http://nsktheatersport.nl/" "Serf/1.3.9 (mod_pagespeed/1.13.35.2-0)"
37.97.157.102 - - [29/Jun/2019:15:55:14 +0200] "GET /escaping_wit.png HTTP/1.1" 200 3339 "http://nsktheatersport.nl/" "Serf/1.3.9 (mod_pagespeed/1.13.35.2-0)"
37.97.157.102 - - [29/Jun/2019:15:55:14 +0200] "GET /alias_wit.png HTTP/1.1" 200 4431 "http://nsktheatersport.nl/" "Serf/1.3.9 (mod_pagespeed/1.13.35.2-0)"
37.97.157.102 - - [29/Jun/2019:15:55:14 +0200] "GET /jumbo_wit.png HTTP/1.1" 200 3548 "http://nsktheatersport.nl/" "Serf/1.3.9 (mod_pagespeed/1.13.35.2-0)"
37.97.157.102 - - [29/Jun/2019:15:55:14 +0200] "GET /stone_wit.png HTTP/1.1" 200 3753 "http://nsktheatersport.nl/" "Serf/1.3.9 (mod_pagespeed/1.13.35.2-0)"
37.97.157.102 - - [29/Jun/2019:15:55:14 +0200] "GET /strowis_wit.png HTTP/1.1" 200 3119 "http://nsktheatersport.nl/" "Serf/1.3.9 (mod_pagespeed/1.13.35.2-0)"
37.97.157.102 - - [29/Jun/2019:15:55:14 +0200] "GET /cindy_impro_wit.png HTTP/1.1" 200 5396 "http://nsktheatersport.nl/" "Serf/1.3.9 (mod_pagespeed/1.13.35.2-0)"
37.97.157.102 - - [29/Jun/2019:15:55:14 +0200] "GET /elise_mathilde_wit.png HTTP/1.1" 200 5480 "http://nsktheatersport.nl/" "Serf/1.3.9 (mod_pagespeed/1.13.35.2-0)"
37.97.157.102 - - [29/Jun/2019:15:55:14 +0200] "GET /carel_nengerman_fonds.png HTTP/1.1" 200 3226 "http://nsktheatersport.nl/" "Serf/1.3.9 (mod_pagespeed/1.13.35.2-0)"
37.97.157.102 - - [29/Jun/2019:15:55:14 +0200] "GET /utrecht_wit.png HTTP/1.1" 200 11217 "http://nsktheatersport.nl/" "Serf/1.3.9 (mod_pagespeed/1.13.35.2-0)"
37.97.157.102 - - [29/Jun/2019:15:55:14 +0200] "GET /vsb_wit.png HTTP/1.1" 200 4465 "http://nsktheatersport.nl/" "Serf/1.3.9 (mod_pagespeed/1.13.35.2-0)"
84.87.250.241 - - [29/Jun/2019:15:55:14 +0200] "GET /individu_wit.png HTTP/1.0" 200 5074 "http://nsktheatersport.nl/" "Mozilla/5.0 (Windows NT 6.3; Win64; x64) AppleWebKit/537.36 (KHTML, like Gecko) Chrome/75.0.3770.100 Safari/537.36"
37.97.157.102 - - [29/Jun/2019:15:55:14 +0200] "GET /hollandse_pot_wit.png HTTP/1.1" 200 5181 "http://nsktheatersport.nl/" "Serf/1.3.9 (mod_pagespeed/1.13.35.2-0)"
84.87.250.241 - - [29/Jun/2019:15:55:14 +0200] "GET /geert_wit.png HTTP/1.0" 200 3024 "http://nsktheatersport.nl/" "Mozilla/5.0 (Windows NT 6.3; Win64; x64) AppleWebKit/537.36 (KHTML, like Gecko) Chrome/75.0.3770.100 Safari/537.36"
37.97.157.102 - - [29/Jun/2019:15:55:14 +0200] "GET /kfhein_wit.png HTTP/1.1" 200 4656 "http://nsktheatersport.nl/" "Serf/1.3.9 (mod_pagespeed/1.13.35.2-0)"
37.97.157.102 - - [29/Jun/2019:15:55:14 +0200] "GET /metpubliek2018.jpg HTTP/1.1" 200 404064 "http://nsktheatersport.nl/" "Serf/1.3.9 (mod_pagespeed/1.13.35.2-0)"
84.87.250.241 - - [29/Jun/2019:15:55:14 +0200] "GET /bosquet_wit.png HTTP/1.0" 200 2828 "http://nsktheatersport.nl/" "Mozilla/5.0 (Windows NT 6.3; Win64; x64) AppleWebKit/537.36 (KHTML, like Gecko) Chrome/75.0.3770.100 Safari/537.36"
84.87.250.241 - - [29/Jun/2019:15:55:14 +0200] "GET /apeldoorn_impro_wit.png HTTP/1.0" 200 4835 "http://nsktheatersport.nl/" "Mozilla/5.0 (Windows NT 6.3; Win64; x64) AppleWebKit/537.36 (KHTML, like Gecko) Chrome/75.0.3770.100 Safari/537.36"
84.87.250.241 - - [29/Jun/2019:15:55:14 +0200] "GET /alias_wit.png HTTP/1.0" 200 4564 "http://nsktheatersport.nl/" "Mozilla/5.0 (Windows NT 6.3; Win64; x64) AppleWebKit/537.36 (KHTML, like Gecko) Chrome/75.0.3770.100 Safari/537.36"
84.87.250.241 - - [29/Jun/2019:15:55:14 +0200] "GET /escaping_wit.png HTTP/1.0" 200 3472 "http://nsktheatersport.nl/" "Mozilla/5.0 (Windows NT 6.3; Win64; x64) AppleWebKit/537.36 (KHTML, like Gecko) Chrome/75.0.3770.100 Safari/537.36"
84.87.250.241 - - [29/Jun/2019:15:55:14 +0200] "GET /jumbo_wit.png HTTP/1.0" 200 3681 "http://nsktheatersport.nl/" "Mozilla/5.0 (Windows NT 6.3; Win64; x64) AppleWebKit/537.36 (KHTML, like Gecko) Chrome/75.0.3770.100 Safari/537.36"
84.87.250.241 - - [29/Jun/2019:15:55:14 +0200] "GET /stone_wit.png HTTP/1.0" 200 3886 "http://nsktheatersport.nl/" "Mozilla/5.0 (Windows NT 6.3; Win64; x64) AppleWebKit/537.36 (KHTML, like Gecko) Chrome/75.0.3770.100 Safari/537.36"
84.87.250.241 - - [29/Jun/2019:15:55:14 +0200] "GET /strowis_wit.png HTTP/1.0" 200 3252 "http://nsktheatersport.nl/" "Mozilla/5.0 (Windows NT 6.3; Win64; x64) AppleWebKit/537.36 (KHTML, like Gecko) Chrome/75.0.3770.100 Safari/537.36"
84.87.250.241 - - [29/Jun/2019:15:55:14 +0200] "GET /cindy_impro_wit.png HTTP/1.0" 200 5529 "http://nsktheatersport.nl/" "Mozilla/5.0 (Windows NT 6.3; Win64; x64) AppleWebKit/537.36 (KHTML, like Gecko) Chrome/75.0.3770.100 Safari/537.36"
84.87.250.241 - - [29/Jun/2019:15:55:14 +0200] "GET /hollandse_pot_wit.png HTTP/1.0" 200 5314 "http://nsktheatersport.nl/" "Mozilla/5.0 (Windows NT 6.3; Win64; x64) AppleWebKit/537.36 (KHTML, like Gecko) Chrome/75.0.3770.100 Safari/537.36"
84.87.250.241 - - [29/Jun/2019:15:55:14 +0200] "GET /kfhein_wit.png HTTP/1.0" 200 4789 "http://nsktheatersport.nl/" "Mozilla/5.0 (Windows NT 6.3; Win64; x64) AppleWebKit/537.36 (KHTML, like Gecko) Chrome/75.0.3770.100 Safari/537.36"
84.87.250.241 - - [29/Jun/2019:15:55:14 +0200] "GET /elise_mathilde_wit.png HTTP/1.0" 200 5613 "http://nsktheatersport.nl/" "Mozilla/5.0 (Windows NT 6.3; Win64; x64) AppleWebKit/537.36 (KHTML, like Gecko) Chrome/75.0.3770.100 Safari/537.36"
84.87.250.241 - - [29/Jun/2019:15:55:14 +0200] "GET /carel_nengerman_fonds.png HTTP/1.0" 200 3359 "http://nsktheatersport.nl/" "Mozilla/5.0 (Windows NT 6.3; Win64; x64) AppleWebKit/537.36 (KHTML, like Gecko) Chrome/75.0.3770.100 Safari/537.36"
84.87.250.241 - - [29/Jun/2019:15:55:14 +0200] "GET /utrecht_wit.png HTTP/1.0" 200 11350 "http://nsktheatersport.nl/" "Mozilla/5.0 (Windows NT 6.3; Win64; x64) AppleWebKit/537.36 (KHTML, like Gecko) Chrome/75.0.3770.100 Safari/537.36"
84.87.250.241 - - [29/Jun/2019:15:55:14 +0200] "GET /vsb_wit.png HTTP/1.0" 200 4598 "http://nsktheatersport.nl/" "Mozilla/5.0 (Windows NT 6.3; Win64; x64) AppleWebKit/537.36 (KHTML, like Gecko) Chrome/75.0.3770.100 Safari/537.36"
84.87.250.241 - - [29/Jun/2019:15:55:15 +0200] "GET /metpubliek2018.jpg HTTP/1.0" 200 404197 "http://nsktheatersport.nl/" "Mozilla/5.0 (Windows NT 6.3; Win64; x64) AppleWebKit/537.36 (KHTML, like Gecko) Chrome/75.0.3770.100 Safari/537.36"
84.87.250.241 - - [29/Jun/2019:15:55:16 +0200] "POST /mod_pagespeed_beacon?url=http%3A%2F%2Fnsktheatersport.nl%2F HTTP/1.0" 204 135 "http://nsktheatersport.nl/" "Mozilla/5.0 (Windows NT 6.3; Win64; x64) AppleWebKit/537.36 (KHTML, like Gecko) Chrome/75.0.3770.100 Safari/537.36"
84.87.250.241 - - [29/Jun/2019:15:55:16 +0200] "GET /xfavicon.ico.pagespeed.ic.LuOgcy37RW.webp HTTP/1.0" 200 534 "http://nsktheatersport.nl/" "Mozilla/5.0 (Windows NT 6.3; Win64; x64) AppleWebKit/537.36 (KHTML, like Gecko) Chrome/75.0.3770.100 Safari/537.36"
37.97.157.102 - - [29/Jun/2019:16:58:47 +0200] "GET /favicon.ico HTTP/1.1" 304 109 "http://nsktheatersport.nl/" "Serf/1.3.9 (mod_pagespeed/1.13.35.2-0)"
37.97.157.102 - - [29/Jun/2019:16:58:47 +0200] "GET /logonsk.png HTTP/1.1" 304 112 "http://nsktheatersport.nl/" "Serf/1.3.9 (mod_pagespeed/1.13.35.2-0)"
37.97.157.102 - - [29/Jun/2019:16:58:47 +0200] "GET /tsgp.png HTTP/1.1" 304 111 "http://nsktheatersport.nl/" "Serf/1.3.9 (mod_pagespeed/1.13.35.2-0)"
37.97.157.102 - - [29/Jun/2019:16:58:47 +0200] "GET /parnassosleest.jpg HTTP/1.1" 304 112 "http://nsktheatersport.nl/" "Serf/1.3.9 (mod_pagespeed/1.13.35.2-0)"
54.187.163.58 - - [29/Jun/2019:16:58:47 +0200] "GET / HTTP/1.0" 200 12979 "-" "Mozilla/5.0 (Windows NT 10.0; Win64; x64)AppleWebKit/537.36 (KHTML, like Gecko) Chrome/66.0.3359.181 Safari/537.36"
37.97.157.102 - - [29/Jun/2019:16:58:47 +0200] "GET /jorik_oooh.gif HTTP/1.1" 304 112 "http://nsktheatersport.nl/" "Serf/1.3.9 (mod_pagespeed/1.13.35.2-0)"
37.97.157.102 - - [29/Jun/2019:16:58:47 +0200] "GET /lievemensen2018.jpg HTTP/1.1" 304 112 "http://nsktheatersport.nl/" "Serf/1.3.9 (mod_pagespeed/1.13.35.2-0)"
37.97.157.102 - - [29/Jun/2019:16:58:47 +0200] "GET /vandestreek_wit.png HTTP/1.1" 200 4238 "http://nsktheatersport.nl/" "Serf/1.3.9 (mod_pagespeed/1.13.35.2-0)"
37.97.157.102 - - [29/Jun/2019:16:58:47 +0200] "GET /bigoak_wit.png HTTP/1.1" 200 4013 "http://nsktheatersport.nl/" "Serf/1.3.9 (mod_pagespeed/1.13.35.2-0)"
37.97.157.102 - - [29/Jun/2019:16:58:47 +0200] "GET /stichtse_wit.png HTTP/1.1" 200 4682 "http://nsktheatersport.nl/" "Serf/1.3.9 (mod_pagespeed/1.13.35.2-0)"
37.97.157.102 - - [29/Jun/2019:16:58:47 +0200] "GET /individu_wit.png HTTP/1.1" 200 4941 "http://nsktheatersport.nl/" "Serf/1.3.9 (mod_pagespeed/1.13.35.2-0)"
37.97.157.102 - - [29/Jun/2019:16:58:47 +0200] "GET /geert_wit.png HTTP/1.1" 304 109 "http://nsktheatersport.nl/" "Serf/1.3.9 (mod_pagespeed/1.13.35.2-0)"
37.97.157.102 - - [29/Jun/2019:16:58:47 +0200] "GET /bosquet_wit.png HTTP/1.1" 200 2695 "http://nsktheatersport.nl/" "Serf/1.3.9 (mod_pagespeed/1.13.35.2-0)"
37.97.157.102 - - [29/Jun/2019:16:58:47 +0200] "GET /apeldoorn_impro_wit.png HTTP/1.1" 304 110 "http://nsktheatersport.nl/" "Serf/1.3.9 (mod_pagespeed/1.13.35.2-0)"
37.97.157.102 - - [29/Jun/2019:16:58:47 +0200] "GET /escaping_wit.png HTTP/1.1" 200 3339 "http://nsktheatersport.nl/" "Serf/1.3.9 (mod_pagespeed/1.13.35.2-0)"
37.97.157.102 - - [29/Jun/2019:16:58:47 +0200] "GET /alias_wit.png HTTP/1.1" 200 4431 "http://nsktheatersport.nl/" "Serf/1.3.9 (mod_pagespeed/1.13.35.2-0)"
37.97.157.102 - - [29/Jun/2019:16:58:47 +0200] "GET /jumbo_wit.png HTTP/1.1" 200 3548 "http://nsktheatersport.nl/" "Serf/1.3.9 (mod_pagespeed/1.13.35.2-0)"
37.97.157.102 - - [29/Jun/2019:16:58:47 +0200] "GET /stone_wit.png HTTP/1.1" 200 3753 "http://nsktheatersport.nl/" "Serf/1.3.9 (mod_pagespeed/1.13.35.2-0)"
37.97.157.102 - - [29/Jun/2019:16:58:47 +0200] "GET /strowis_wit.png HTTP/1.1" 200 3119 "http://nsktheatersport.nl/" "Serf/1.3.9 (mod_pagespeed/1.13.35.2-0)"
37.97.157.102 - - [29/Jun/2019:16:58:47 +0200] "GET /cindy_impro_wit.png HTTP/1.1" 200 5396 "http://nsktheatersport.nl/" "Serf/1.3.9 (mod_pagespeed/1.13.35.2-0)"
37.97.157.102 - - [29/Jun/2019:16:58:47 +0200] "GET /hollandse_pot_wit.png HTTP/1.1" 200 5181 "http://nsktheatersport.nl/" "Serf/1.3.9 (mod_pagespeed/1.13.35.2-0)"
37.97.157.102 - - [29/Jun/2019:16:58:47 +0200] "GET /kfhein_wit.png HTTP/1.1" 200 4656 "http://nsktheatersport.nl/" "Serf/1.3.9 (mod_pagespeed/1.13.35.2-0)"
37.97.157.102 - - [29/Jun/2019:16:58:47 +0200] "GET /elise_mathilde_wit.png HTTP/1.1" 200 5480 "http://nsktheatersport.nl/" "Serf/1.3.9 (mod_pagespeed/1.13.35.2-0)"
37.97.157.102 - - [29/Jun/2019:16:58:47 +0200] "GET /carel_nengerman_fonds.png HTTP/1.1" 200 3226 "http://nsktheatersport.nl/" "Serf/1.3.9 (mod_pagespeed/1.13.35.2-0)"
37.97.157.102 - - [29/Jun/2019:16:58:47 +0200] "GET /utrecht_wit.png HTTP/1.1" 200 11217 "http://nsktheatersport.nl/" "Serf/1.3.9 (mod_pagespeed/1.13.35.2-0)"
37.97.157.102 - - [29/Jun/2019:16:58:47 +0200] "GET /vsb_wit.png HTTP/1.1" 200 4465 "http://nsktheatersport.nl/" "Serf/1.3.9 (mod_pagespeed/1.13.35.2-0)"
37.97.157.102 - - [29/Jun/2019:16:58:47 +0200] "GET /metpubliek2018.jpg HTTP/1.1" 304 111 "http://nsktheatersport.nl/" "Serf/1.3.9 (mod_pagespeed/1.13.35.2-0)"
34.219.156.216 - - [29/Jun/2019:16:59:38 +0200] "GET / HTTP/1.0" 200 10630 "-" "Go-http-client/1.1"
37.97.157.102 - - [30/Jun/2019:01:38:03 +0200] "GET /favicon.ico HTTP/1.1" 200 565 "http://www.nsktheatersport.nl/" "Serf/1.3.9 (mod_pagespeed/1.13.35.2-0)"
37.97.157.102 - - [30/Jun/2019:01:38:03 +0200] "GET /logonsk.png HTTP/1.1" 200 1257475 "http://www.nsktheatersport.nl/" "Serf/1.3.9 (mod_pagespeed/1.13.35.2-0)"
35.190.193.225 - - [30/Jun/2019:01:38:03 +0200] "GET / HTTP/1.0" 200 12958 "-" "Mozilla/5.0 (Macintosh; Intel Mac OS X 10.11; rv:52.0) Gecko/20100101 Firefox/52.0"
37.97.157.102 - - [30/Jun/2019:01:38:03 +0200] "GET /tsgp.png HTTP/1.1" 200 88250 "http://www.nsktheatersport.nl/" "Serf/1.3.9 (mod_pagespeed/1.13.35.2-0)"
37.97.157.102 - - [30/Jun/2019:01:38:03 +0200] "GET /parnassosleest.jpg HTTP/1.1" 200 2195480 "http://www.nsktheatersport.nl/" "Serf/1.3.9 (mod_pagespeed/1.13.35.2-0)"
37.97.157.102 - - [30/Jun/2019:01:38:03 +0200] "GET /jorik_oooh.gif HTTP/1.1" 200 1259714 "http://www.nsktheatersport.nl/" "Serf/1.3.9 (mod_pagespeed/1.13.35.2-0)"
37.97.157.102 - - [30/Jun/2019:01:38:03 +0200] "GET /favicon.ico HTTP/1.1" 200 565 "http://nsktheatersport.nl/" "Serf/1.3.9 (mod_pagespeed/1.13.35.2-0)"
35.190.193.225 - - [30/Jun/2019:01:38:03 +0200] "GET / HTTP/1.0" 200 12944 "-" "Mozilla/5.0 (Macintosh; Intel Mac OS X 10.11; rv:52.0) Gecko/20100101 Firefox/52.0"
37.97.157.102 - - [30/Jun/2019:01:38:03 +0200] "GET /logonsk.png HTTP/1.1" 200 1257475 "http://nsktheatersport.nl/" "Serf/1.3.9 (mod_pagespeed/1.13.35.2-0)"
37.97.157.102 - - [30/Jun/2019:01:38:03 +0200] "GET /tsgp.png HTTP/1.1" 200 88250 "http://nsktheatersport.nl/" "Serf/1.3.9 (mod_pagespeed/1.13.35.2-0)"
37.97.157.102 - - [30/Jun/2019:01:38:03 +0200] "GET /parnassosleest.jpg HTTP/1.1" 200 2195480 "http://nsktheatersport.nl/" "Serf/1.3.9 (mod_pagespeed/1.13.35.2-0)"
37.97.157.102 - - [30/Jun/2019:01:38:03 +0200] "GET /jorik_oooh.gif HTTP/1.1" 200 1259714 "http://nsktheatersport.nl/" "Serf/1.3.9 (mod_pagespeed/1.13.35.2-0)"
37.97.157.102 - - [30/Jun/2019:01:38:03 +0200] "GET /lievemensen2018.jpg HTTP/1.1" 200 3096677 "http://www.nsktheatersport.nl/" "Serf/1.3.9 (mod_pagespeed/1.13.35.2-0)"
37.97.157.102 - - [30/Jun/2019:01:38:03 +0200] "GET /vandestreek_wit.png HTTP/1.1" 200 4238 "http://www.nsktheatersport.nl/" "Serf/1.3.9 (mod_pagespeed/1.13.35.2-0)"
37.97.157.102 - - [30/Jun/2019:01:38:03 +0200] "GET /bigoak_wit.png HTTP/1.1" 200 4013 "http://www.nsktheatersport.nl/" "Serf/1.3.9 (mod_pagespeed/1.13.35.2-0)"
